Archive member included to satisfy reference by file (symbol)

C:/ST/STM32CubeIDE_1.17.0/STM32CubeIDE/plugins/com.st.stm32cube.ide.mcu.externaltools.gnu-tools-for-stm32.12.3.rel1.win32_1.1.0.202410251130/tools/bin/../lib/gcc/arm-none-eabi/12.3.1/../../../../arm-none-eabi/lib/thumb/v7e-m+fp/hard\libc_nano.a(libc_a-exit.o)
                              C:/ST/STM32CubeIDE_1.17.0/STM32CubeIDE/plugins/com.st.stm32cube.ide.mcu.externaltools.gnu-tools-for-stm32.12.3.rel1.win32_1.1.0.202410251130/tools/bin/../lib/gcc/arm-none-eabi/12.3.1/../../../../arm-none-eabi/lib/thumb/v7e-m+fp/hard/crt0.o (exit)
C:/ST/STM32CubeIDE_1.17.0/STM32CubeIDE/plugins/com.st.stm32cube.ide.mcu.externaltools.gnu-tools-for-stm32.12.3.rel1.win32_1.1.0.202410251130/tools/bin/../lib/gcc/arm-none-eabi/12.3.1/../../../../arm-none-eabi/lib/thumb/v7e-m+fp/hard\libc_nano.a(libc_a-findfp.o)
                              C:/ST/STM32CubeIDE_1.17.0/STM32CubeIDE/plugins/com.st.stm32cube.ide.mcu.externaltools.gnu-tools-for-stm32.12.3.rel1.win32_1.1.0.202410251130/tools/bin/../lib/gcc/arm-none-eabi/12.3.1/../../../../arm-none-eabi/lib/thumb/v7e-m+fp/hard\libc_nano.a(libc_a-exit.o) (__stdio_exit_handler)
C:/ST/STM32CubeIDE_1.17.0/STM32CubeIDE/plugins/com.st.stm32cube.ide.mcu.externaltools.gnu-tools-for-stm32.12.3.rel1.win32_1.1.0.202410251130/tools/bin/../lib/gcc/arm-none-eabi/12.3.1/../../../../arm-none-eabi/lib/thumb/v7e-m+fp/hard\libc_nano.a(libc_a-fwalk.o)
                              C:/ST/STM32CubeIDE_1.17.0/STM32CubeIDE/plugins/com.st.stm32cube.ide.mcu.externaltools.gnu-tools-for-stm32.12.3.rel1.win32_1.1.0.202410251130/tools/bin/../lib/gcc/arm-none-eabi/12.3.1/../../../../arm-none-eabi/lib/thumb/v7e-m+fp/hard\libc_nano.a(libc_a-findfp.o) (_fwalk_sglue)
C:/ST/STM32CubeIDE_1.17.0/STM32CubeIDE/plugins/com.st.stm32cube.ide.mcu.externaltools.gnu-tools-for-stm32.12.3.rel1.win32_1.1.0.202410251130/tools/bin/../lib/gcc/arm-none-eabi/12.3.1/../../../../arm-none-eabi/lib/thumb/v7e-m+fp/hard\libc_nano.a(libc_a-stdio.o)
                              C:/ST/STM32CubeIDE_1.17.0/STM32CubeIDE/plugins/com.st.stm32cube.ide.mcu.externaltools.gnu-tools-for-stm32.12.3.rel1.win32_1.1.0.202410251130/tools/bin/../lib/gcc/arm-none-eabi/12.3.1/../../../../arm-none-eabi/lib/thumb/v7e-m+fp/hard\libc_nano.a(libc_a-findfp.o) (__sread)
C:/ST/STM32CubeIDE_1.17.0/STM32CubeIDE/plugins/com.st.stm32cube.ide.mcu.externaltools.gnu-tools-for-stm32.12.3.rel1.win32_1.1.0.202410251130/tools/bin/../lib/gcc/arm-none-eabi/12.3.1/../../../../arm-none-eabi/lib/thumb/v7e-m+fp/hard\libc_nano.a(libc_a-memset.o)
                              C:/ST/STM32CubeIDE_1.17.0/STM32CubeIDE/plugins/com.st.stm32cube.ide.mcu.externaltools.gnu-tools-for-stm32.12.3.rel1.win32_1.1.0.202410251130/tools/bin/../lib/gcc/arm-none-eabi/12.3.1/../../../../arm-none-eabi/lib/thumb/v7e-m+fp/hard/crt0.o (memset)
C:/ST/STM32CubeIDE_1.17.0/STM32CubeIDE/plugins/com.st.stm32cube.ide.mcu.externaltools.gnu-tools-for-stm32.12.3.rel1.win32_1.1.0.202410251130/tools/bin/../lib/gcc/arm-none-eabi/12.3.1/../../../../arm-none-eabi/lib/thumb/v7e-m+fp/hard\libc_nano.a(libc_a-closer.o)
                              C:/ST/STM32CubeIDE_1.17.0/STM32CubeIDE/plugins/com.st.stm32cube.ide.mcu.externaltools.gnu-tools-for-stm32.12.3.rel1.win32_1.1.0.202410251130/tools/bin/../lib/gcc/arm-none-eabi/12.3.1/../../../../arm-none-eabi/lib/thumb/v7e-m+fp/hard\libc_nano.a(libc_a-stdio.o) (_close_r)
C:/ST/STM32CubeIDE_1.17.0/STM32CubeIDE/plugins/com.st.stm32cube.ide.mcu.externaltools.gnu-tools-for-stm32.12.3.rel1.win32_1.1.0.202410251130/tools/bin/../lib/gcc/arm-none-eabi/12.3.1/../../../../arm-none-eabi/lib/thumb/v7e-m+fp/hard\libc_nano.a(libc_a-reent.o)
                              C:/ST/STM32CubeIDE_1.17.0/STM32CubeIDE/plugins/com.st.stm32cube.ide.mcu.externaltools.gnu-tools-for-stm32.12.3.rel1.win32_1.1.0.202410251130/tools/bin/../lib/gcc/arm-none-eabi/12.3.1/../../../../arm-none-eabi/lib/thumb/v7e-m+fp/hard\libc_nano.a(libc_a-closer.o) (errno)
C:/ST/STM32CubeIDE_1.17.0/STM32CubeIDE/plugins/com.st.stm32cube.ide.mcu.externaltools.gnu-tools-for-stm32.12.3.rel1.win32_1.1.0.202410251130/tools/bin/../lib/gcc/arm-none-eabi/12.3.1/../../../../arm-none-eabi/lib/thumb/v7e-m+fp/hard\libc_nano.a(libc_a-impure.o)
                              C:/ST/STM32CubeIDE_1.17.0/STM32CubeIDE/plugins/com.st.stm32cube.ide.mcu.externaltools.gnu-tools-for-stm32.12.3.rel1.win32_1.1.0.202410251130/tools/bin/../lib/gcc/arm-none-eabi/12.3.1/../../../../arm-none-eabi/lib/thumb/v7e-m+fp/hard\libc_nano.a(libc_a-reent.o) (_impure_ptr)
C:/ST/STM32CubeIDE_1.17.0/STM32CubeIDE/plugins/com.st.stm32cube.ide.mcu.externaltools.gnu-tools-for-stm32.12.3.rel1.win32_1.1.0.202410251130/tools/bin/../lib/gcc/arm-none-eabi/12.3.1/../../../../arm-none-eabi/lib/thumb/v7e-m+fp/hard\libc_nano.a(libc_a-lseekr.o)
[...]
Memory Configuration

Name             Origin             Length             Attributes
CCMRAM           0x10000000         0x00010000         xrw
RAM              0x20000000         0x00020000         xrw
FLASH            0x08000000         0x00100000         xr
*default*        0x00000000         0xffffffff

Linker script and memory map

LOAD C:/ST/STM32CubeIDE_1.17.0/STM32CubeIDE/plugins/com.st.stm32cube.ide.mcu.externaltools.gnu-tools-for-stm32.12.3.rel1.win32_1.1.0.202410251130/tools/bin/../lib/gcc/arm-none-eabi/12.3.1/thumb/v7e-m+fp/hard/crti.o
LOAD C:/ST/STM32CubeIDE_1.17.0/STM32CubeIDE/plugins/com.st.stm32cube.ide.mcu.externaltools.gnu-tools-for-stm32.12.3.rel1.win32_1.1.0.202410251130/tools/bin/../lib/gcc/arm-none-eabi/12.3.1/thumb/v7e-m+fp/hard/crtbegin.o
LOAD C:/ST/STM32CubeIDE_1.17.0/STM32CubeIDE/plugins/com.st.stm32cube.ide.mcu.externaltools.gnu-tools-for-stm32.12.3.rel1.win32_1.1.0.202410251130/tools/bin/../lib/gcc/arm-none-eabi/12.3.1/../../../../arm-none-eabi/lib/thumb/v7e-m+fp/hard/crt0.o
LOAD ./src/ap/ap.o
LOAD ./src/bsp/bsp.o
LOAD ./src/bsp/syscalls.o
LOAD ./src/bsp/sysmem.o
LOAD ./src/bsp/startup/startup_stm32f407vgtx.o
LOAD ./src/hw/hw.o
LOAD ./src/main.o
START GROUP
LOAD C:/ST/STM32CubeIDE_1.17.0/STM32CubeIDE/plugins/com.st.stm32cube.ide.mcu.externaltools.gnu-tools-for-stm32.12.3.rel1.win32_1.1.0.202410251130/tools/bin/../lib/gcc/arm-none-eabi/12.3.1/../../../../arm-none-eabi/lib/thumb/v7e-m+fp/hard\libc_nano.a
LOAD C:/ST/STM32CubeIDE_1.17.0/STM32CubeIDE/plugins/com.st.stm32cube.ide.mcu.externaltools.gnu-tools-for-stm32.12.3.rel1.win32_1.1.0.202410251130/tools/bin/../lib/gcc/arm-none-eabi/12.3.1/../../../../arm-none-eabi/lib/thumb/v7e-m+fp/hard\libm.a
END GROUP
START GROUP
LOAD C:/ST/STM32CubeIDE_1.17.0/STM32CubeIDE/plugins/com.st.stm32cube.ide.mcu.externaltools.gnu-tools-for-stm32.12.3.rel1.win32_1.1.0.202410251130/tools/bin/../lib/gcc/arm-none-eabi/12.3.1/thumb/v7e-m+fp/hard\libgcc.a
LOAD C:/ST/STM32CubeIDE_1.17.0/STM32CubeIDE/plugins/com.st.stm32cube.ide.mcu.externaltools.gnu-tools-for-stm32.12.3.rel1.win32_1.1.0.202410251130/tools/bin/../lib/gcc/arm-none-eabi/12.3.1/../../../../arm-none-eabi/lib/thumb/v7e-m+fp/hard\libc_nano.a
END GROUP
START GROUP
LOAD C:/ST/STM32CubeIDE_1.17.0/STM32CubeIDE/plugins/com.st.stm32cube.ide.mcu.externaltools.gnu-tools-for-stm32.12.3.rel1.win32_1.1.0.202410251130/tools/bin/../lib/gcc/arm-none-eabi/12.3.1/thumb/v7e-m+fp/hard\libgcc.a
LOAD C:/ST/STM32CubeIDE_1.17.0/STM32CubeIDE/plugins/com.st.stm32cube.ide.mcu.externaltools.gnu-tools-for-stm32.12.3.rel1.win32_1.1.0.202410251130/tools/bin/../lib/gcc/arm-none-eabi/12.3.1/../../../../arm-none-eabi/lib/thumb/v7e-m+fp/hard\libc_nano.a
LOAD C:/ST/STM32CubeIDE_1.17.0/STM32CubeIDE/plugins/com.st.stm32cube.ide.mcu.externaltools.gnu-tools-for-stm32.12.3.rel1.win32_1.1.0.202410251130/tools/bin/../lib/gcc/arm-none-eabi/12.3.1/../../../../arm-none-eabi/lib/thumb/v7e-m+fp/hard\libnosys.a
END GROUP
START GROUP
LOAD C:/ST/STM32CubeIDE_1.17.0/STM32CubeIDE/plugins/com.st.stm32cube.ide.mcu.externaltools.gnu-tools-for-stm32.12.3.rel1.win32_1.1.0.202410251130/tools/bin/../lib/gcc/arm-none-eabi/12.3.1/thumb/v7e-m+fp/hard\libgcc.a
LOAD C:/ST/STM32CubeIDE_1.17.0/STM32CubeIDE/plugins/com.st.stm32cube.ide.mcu.externaltools.gnu-tools-for-stm32.12.3.rel1.win32_1.1.0.202410251130/tools/bin/../lib/gcc/arm-none-eabi/12.3.1/../../../../arm-none-eabi/lib/thumb/v7e-m+fp/hard\libc_nano.a
LOAD C:/ST/STM32CubeIDE_1.17.0/STM32CubeIDE/plugins/com.st.stm32cube.ide.mcu.externaltools.gnu-tools-for-stm32.12.3.rel1.win32_1.1.0.202410251130/tools/bin/../lib/gcc/arm-none-eabi/12.3.1/../../../../arm-none-eabi/lib/thumb/v7e-m+fp/hard\libnosys.a
END GROUP
LOAD C:/ST/STM32CubeIDE_1.17.0/STM32CubeIDE/plugins/com.st.stm32cube.ide.mcu.externaltools.gnu-tools-for-stm32.12.3.rel1.win32_1.1.0.202410251130/tools/bin/../lib/gcc/arm-none-eabi/12.3.1/thumb/v7e-m+fp/hard/crtend.o
LOAD C:/ST/STM32CubeIDE_1.17.0/STM32CubeIDE/plugins/com.st.stm32cube.ide.mcu.externaltools.gnu-tools-for-stm32.12.3.rel1.win32_1.1.0.202410251130/tools/bin/../lib/gcc/arm-none-eabi/12.3.1/thumb/v7e-m+fp/hard/crtn.o
                0x20020000                        _estack = (ORIGIN (RAM) + LENGTH (RAM))
                0x00000200                        _Min_Heap_Size = 0x200
                0x00000400                        _Min_Stack_Size = 0x400

.isr_vector     0x08000000      0x188
                0x08000000                        . = ALIGN (0x4)
 *(.isr_vector)
 .isr_vector    0x08000000      0x188 ./src/bsp/startup/startup_stm32f407vgtx.o
                0x08000000                g_pfnVectors
                0x08000188                        . = ALIGN (0x4)

.text           0x08000188      0x138
                0x08000188                        . = ALIGN (0x4)
 *(.text)
 .text          0x08000188       0x40 C:/ST/STM32CubeIDE_1.17.0/STM32CubeIDE/plugins/com.st.stm32cube.ide.mcu.externaltools.gnu-tools-for-stm32.12.3.rel1.win32_1.1.0.202410251130/tools/bin/../lib/gcc/arm-none-eabi/12.3.1/thumb/v7e-m+fp/hard/crtbegin.o
 *(.text*)
 .text.apInit   0x080001c8        0xe ./src/ap/ap.o
                0x080001c8                apInit
 .text.apMain   0x080001d6        0x8 ./src/ap/ap.o
                0x080001d6                apMain
 .text.bspInit  0x080001de        0xe ./src/bsp/bsp.o
                0x080001de                bspInit
 .text.Reset_Handler
                0x080001ec       0x50 ./src/bsp/startup/startup_stm32f407vgtx.o
                0x080001ec                Reset_Handler
 .text.Default_Handler
                0x0800023c        0x2 ./src/bsp/startup/startup_stm32f407vgtx.o
                0x0800023c                RTC_Alarm_IRQHandler
                0x0800023c                HASH_RNG_IRQHandler
                0x0800023c                EXTI2_IRQHandler
                0x0800023c                TIM8_CC_IRQHandler
                0x0800023c                DebugMon_Handler
                0x0800023c                TIM1_CC_IRQHandler
                0x0800023c                DMA2_Stream5_IRQHandler
                0x0800023c                HardFault_Handler
                0x0800023c                DMA1_Stream5_IRQHandler
                0x0800023c                SysTick_Handler
                0x0800023c                PVD_IRQHandler
                0x0800023c                SDIO_IRQHandler
                0x0800023c                TAMP_STAMP_IRQHandler
                0x0800023c                PendSV_Handler
                0x0800023c                NMI_Handler
                0x0800023c                CAN2_RX1_IRQHandler
                0x0800023c                EXTI3_IRQHandler
                0x0800023c                TIM8_TRG_COM_TIM14_IRQHandler
                0x0800023c                TIM1_UP_TIM10_IRQHandler
                0x0800023c                TIM8_UP_TIM13_IRQHandler
                0x0800023c                I2C3_ER_IRQHandler
                0x0800023c                EXTI0_IRQHandler
                0x0800023c                I2C2_EV_IRQHandler
                0x0800023c                DMA1_Stream2_IRQHandler
                0x0800023c                CAN1_RX0_IRQHandler
                0x0800023c                FPU_IRQHandler
                0x0800023c                OTG_HS_WKUP_IRQHandler
                0x0800023c                UsageFault_Handler
                0x0800023c                CAN2_SCE_IRQHandler
                0x0800023c                DMA2_Stream2_IRQHandler
                0x0800023c                SPI1_IRQHandler
                0x0800023c                TIM6_DAC_IRQHandler
                0x0800023c                TIM1_BRK_TIM9_IRQHandler
                0x0800023c                DCMI_IRQHandler
                0x0800023c                CAN2_RX0_IRQHandler
                0x0800023c                DMA2_Stream3_IRQHandler
                0x0800023c                USART6_IRQHandler
                0x0800023c                USART3_IRQHandler
                0x0800023c                CRYP_IRQHandler
                0x0800023c                CAN1_RX1_IRQHandler
                0x0800023c                UART5_IRQHandler
                0x0800023c                DMA2_Stream0_IRQHandler
                0x0800023c                TIM4_IRQHandler
                0x0800023c                I2C1_EV_IRQHandler
                0x0800023c                DMA1_Stream6_IRQHandler
                0x0800023c                DMA1_Stream1_IRQHandler
                0x0800023c                UART4_IRQHandler
                0x0800023c                TIM3_IRQHandler
                0x0800023c                RCC_IRQHandler
                0x0800023c                TIM8_BRK_TIM12_IRQHandler
                0x0800023c                Default_Handler
                0x0800023c                EXTI15_10_IRQHandler
                0x0800023c                ADC_IRQHandler
                0x0800023c                DMA1_Stream7_IRQHandler
                0x0800023c                TIM7_IRQHandler
                0x0800023c                CAN2_TX_IRQHandler
                0x0800023c                TIM5_IRQHandler
                0x0800023c                DMA2_Stream7_IRQHandler
                0x0800023c                I2C3_EV_IRQHandler
                0x0800023c                EXTI9_5_IRQHandler
                0x0800023c                RTC_WKUP_IRQHandler
                0x0800023c                ETH_WKUP_IRQHandler
                0x0800023c                SPI2_IRQHandler
                0x0800023c                OTG_HS_EP1_IN_IRQHandler
                0x0800023c                MemManage_Handler
                0x0800023c                DMA1_Stream0_IRQHandler
                0x0800023c                CAN1_TX_IRQHandler
                0x0800023c                SVC_Handler
                0x0800023c                EXTI4_IRQHandler
                0x0800023c                FSMC_IRQHandler
                0x0800023c                ETH_IRQHandler
                0x0800023c                OTG_HS_EP1_OUT_IRQHandler
                0x0800023c                WWDG_IRQHandler
                0x0800023c                TIM2_IRQHandler
                0x0800023c                OTG_FS_WKUP_IRQHandler
                0x0800023c                TIM1_TRG_COM_TIM11_IRQHandler
                0x0800023c                OTG_HS_IRQHandler
                0x0800023c                EXTI1_IRQHandler
                0x0800023c                USART2_IRQHandler
                0x0800023c                I2C2_ER_IRQHandler
                0x0800023c                DMA2_Stream1_IRQHandler
                0x0800023c                CAN1_SCE_IRQHandler
                0x0800023c                DMA2_Stream4_IRQHandler
                0x0800023c                BusFault_Handler
                0x0800023c                USART1_IRQHandler
                0x0800023c                OTG_FS_IRQHandler
                0x0800023c                SPI3_IRQHandler
                0x0800023c                DMA1_Stream4_IRQHandler
                0x0800023c                I2C1_ER_IRQHandler
                0x0800023c                DMA2_Stream6_IRQHandler
                0x0800023c                DMA1_Stream3_IRQHandler
 .text.hwInit   0x0800023e        0xc ./src/hw/hw.o
                0x0800023e                hwInit
 .text.main     0x0800024a       0x16 ./src/main.o
                0x0800024a                main
 .text.__libc_init_array
                0x08000260       0x48 C:/ST/STM32CubeIDE_1.17.0/STM32CubeIDE/plugins/com.st.stm32cube.ide.mcu.externaltools.gnu-tools-for-stm32.12.3.rel1.win32_1.1.0.202410251130/tools/bin/../lib/gcc/arm-none-eabi/12.3.1/../../../../arm-none-eabi/lib/thumb/v7e-m+fp/hard\libc_nano.a(libc_a-init.o)
                0x08000260                __libc_init_array
 *(.glue_7)
 .glue_7        0x080002a8        0x0 linker stubs
 *(.glue_7t)
 .glue_7t       0x080002a8        0x0 linker stubs
 *(.eh_frame)
 .eh_frame      0x080002a8        0x0 C:/ST/STM32CubeIDE_1.17.0/STM32CubeIDE/plugins/com.st.stm32cube.ide.mcu.externaltools.gnu-tools-for-stm32.12.3.rel1.win32_1.1.0.202410251130/tools/bin/../lib/gcc/arm-none-eabi/12.3.1/thumb/v7e-m+fp/hard/crtbegin.o
 *(.init)
 .init          0x080002a8        0x4 C:/ST/STM32CubeIDE_1.17.0/STM32CubeIDE/plugins/com.st.stm32cube.ide.mcu.externaltools.gnu-tools-for-stm32.12.3.rel1.win32_1.1.0.202410251130/tools/bin/../lib/gcc/arm-none-eabi/12.3.1/thumb/v7e-m+fp/hard/crti.o
                0x080002a8                _init
 .init          0x080002ac        0x8 C:/ST/STM32CubeIDE_1.17.0/STM32CubeIDE/plugins/com.st.stm32cube.ide.mcu.externaltools.gnu-tools-for-stm32.12.3.rel1.win32_1.1.0.202410251130/tools/bin/../lib/gcc/arm-none-eabi/12.3.1/thumb/v7e-m+fp/hard/crtn.o
 *(.fini)
 .fini          0x080002b4        0x4 C:/ST/STM32CubeIDE_1.17.0/STM32CubeIDE/plugins/com.st.stm32cube.ide.mcu.externaltools.gnu-tools-for-stm32.12.3.rel1.win32_1.1.0.202410251130/tools/bin/../lib/gcc/arm-none-eabi/12.3.1/thumb/v7e-m+fp/hard/crti.o
                0x080002b4                _fini
 .fini          0x080002b8        0x8 C:/ST/STM32CubeIDE_1.17.0/STM32CubeIDE/plugins/com.st.stm32cube.ide.mcu.externaltools.gnu-tools-for-stm32.12.3.rel1.win32_1.1.0.202410251130/tools/bin/../lib/gcc/arm-none-eabi/12.3.1/thumb/v7e-m+fp/hard/crtn.o
                0x080002c0                        . = ALIGN (0x4)
                0x080002c0                        _etext = .

.vfp11_veneer   0x080002c0        0x0
 .vfp11_veneer  0x080002c0        0x0 linker stubs

.v4_bx          0x080002c0        0x0
 .v4_bx         0x080002c0        0x0 linker stubs

.iplt           0x080002c0        0x0
 .iplt          0x080002c0        0x0 C:/ST/STM32CubeIDE_1.17.0/STM32CubeIDE/plugins/com.st.stm32cube.ide.mcu.externaltools.gnu-tools-for-stm32.12.3.rel1.win32_1.1.0.202410251130/tools/bin/../lib/gcc/arm-none-eabi/12.3.1/thumb/v7e-m+fp/hard/crtbegin.o

.rodata         0x080002c0        0x0
                0x080002c0                        . = ALIGN (0x4)
 *(.rodata)
 *(.rodata*)
                0x080002c0                        . = ALIGN (0x4)

.ARM.extab      0x080002c0        0x0
                0x080002c0                        . = ALIGN (0x4)
 *(.ARM.extab* .gnu.linkonce.armextab.*)
                0x080002c0                        . = ALIGN (0x4)

.ARM            0x080002c0        0x0
                0x080002c0                        . = ALIGN (0x4)
                0x080002c0                        __exidx_start = .
 *(.ARM.exidx*)
                0x080002c0                        __exidx_end = .
                0x080002c0                        . = ALIGN (0x4)

.preinit_array  0x080002c0        0x0
                0x080002c0                        . = ALIGN (0x4)
                0x080002c0                        PROVIDE (__preinit_array_start = .)
 *(.preinit_array*)
                0x080002c0                        PROVIDE (__preinit_array_end = .)
                0x080002c0                        . = ALIGN (0x4)

.init_array     0x080002c0        0x4
                0x080002c0                        . = ALIGN (0x4)
                0x080002c0                        PROVIDE (__init_array_start = .)
 *(SORT_BY_NAME(.init_array.*))
 *(.init_array*)
 .init_array    0x080002c0        0x4 C:/ST/STM32CubeIDE_1.17.0/STM32CubeIDE/plugins/com.st.stm32cube.ide.mcu.externaltools.gnu-tools-for-stm32.12.3.rel1.win32_1.1.0.202410251130/tools/bin/../lib/gcc/arm-none-eabi/12.3.1/thumb/v7e-m+fp/hard/crtbegin.o
                0x080002c4                        PROVIDE (__init_array_end = .)
                0x080002c4                        . = ALIGN (0x4)

.fini_array     0x080002c4        0x4
                0x080002c4                        . = ALIGN (0x4)
                [!provide]                        PROVIDE (__fini_array_start = .)
 *(SORT_BY_NAME(.fini_array.*))
 *(.fini_array*)
 .fini_array    0x080002c4        0x4 C:/ST/STM32CubeIDE_1.17.0/STM32CubeIDE/plugins/com.st.stm32cube.ide.mcu.externaltools.gnu-tools-for-stm32.12.3.rel1.win32_1.1.0.202410251130/tools/bin/../lib/gcc/arm-none-eabi/12.3.1/thumb/v7e-m+fp/hard/crtbegin.o
                [!provide]                        PROVIDE (__fini_array_end = .)
                0x080002c8                        . = ALIGN (0x4)
                0x080002c8                        _sidata = LOADADDR (.data)

.rel.dyn        0x080002c8        0x0
 .rel.iplt      0x080002c8        0x0 C:/ST/STM32CubeIDE_1.17.0/STM32CubeIDE/plugins/com.st.stm32cube.ide.mcu.externaltools.gnu-tools-for-stm32.12.3.rel1.win32_1.1.0.202410251130/tools/bin/../lib/gcc/arm-none-eabi/12.3.1/thumb/v7e-m+fp/hard/crtbegin.o

.data           0x20000000        0x0 load address 0x080002c8
                0x20000000                        . = ALIGN (0x4)
                0x20000000                        _sdata = .
 *(.data)
 *(.data*)
 *(.RamFunc)
 *(.RamFunc*)
                0x20000000                        . = ALIGN (0x4)
                0x20000000                        _edata = .
                0x080002c8                        _siccmram = LOADADDR (.ccmram)

.igot.plt       0x20000000        0x0 load address 0x080002c8
 .igot.plt      0x20000000        0x0 C:/ST/STM32CubeIDE_1.17.0/STM32CubeIDE/plugins/com.st.stm32cube.ide.mcu.externaltools.gnu-tools-for-stm32.12.3.rel1.win32_1.1.0.202410251130/tools/bin/../lib/gcc/arm-none-eabi/12.3.1/thumb/v7e-m+fp/hard/crtbegin.o

.ccmram         0x10000000        0x0 load address 0x080002c8
                0x10000000                        . = ALIGN (0x4)
                0x10000000                        _sccmram = .
 *(.ccmram)
 *(.ccmram*)
                0x10000000                        . = ALIGN (0x4)
                0x10000000                        _eccmram = .
                0x10000000                        . = ALIGN (0x4)

.bss            0x20000000       0x1c
                0x20000000                        _sbss = .
                0x20000000                        __bss_start__ = _sbss
 *(.bss)
 .bss           0x20000000       0x1c C:/ST/STM32CubeIDE_1.17.0/STM32CubeIDE/plugins/com.st.stm32cube.ide.mcu.externaltools.gnu-tools-for-stm32.12.3.rel1.win32_1.1.0.202410251130/tools/bin/../lib/gcc/arm-none-eabi/12.3.1/thumb/v7e-m+fp/hard/crtbegin.o
 *(.bss*)
 *(COMMON)
                0x2000001c                        . = ALIGN (0x4)
                0x2000001c                        _ebss = .
                0x2000001c                        __bss_end__ = _ebss

._user_heap_stack
                0x2000001c      0x604
                0x20000020                        . = ALIGN (0x8)
 *fill*         0x2000001c        0x4 
                [!provide]                        PROVIDE (end = .)
                0x20000020                        PROVIDE (_end = .)
                0x20000220                        . = (. + _Min_Heap_Size)
 *fill*         0x20000020      0x200 
                0x20000620                        . = (. + _Min_Stack_Size)
 *fill*         0x20000220      0x400 
                0x20000620                        . = ALIGN (0x8)

/DISCARD/
 libc.a(*)
 libm.a(*)
 libgcc.a(*)

.ARM.attributes
                0x00000000       0x30
 *(.ARM.attributes)
 .ARM.attributes
                0x00000000       0x22 C:/ST/STM32CubeIDE_1.17.0/STM32CubeIDE/plugins/com.st.stm32cube.ide.mcu.externaltools.gnu-tools-for-stm32.12.3.rel1.win32_1.1.0.202410251130/tools/bin/../lib/gcc/arm-none-eabi/12.3.1/thumb/v7e-m+fp/hard/crti.o
 .ARM.attributes
                0x00000022       0x34 C:/ST/STM32CubeIDE_1.17.0/STM32CubeIDE/plugins/com.st.stm32cube.ide.mcu.externaltools.gnu-tools-for-stm32.12.3.rel1.win32_1.1.0.202410251130/tools/bin/../lib/gcc/arm-none-eabi/12.3.1/thumb/v7e-m+fp/hard/crtbegin.o
 .ARM.attributes
                0x00000056       0x34 ./src/ap/ap.o
 .ARM.attributes
                0x0000008a       0x34 ./src/bsp/bsp.o
 .ARM.attributes
                0x000000be       0x21 ./src/bsp/startup/startup_stm32f407vgtx.o
 .ARM.attributes
                0x000000df       0x34 ./src/hw/hw.o
 .ARM.attributes
                0x00000113       0x34 ./src/main.o
 .ARM.attributes
                0x00000147       0x34 C:/ST/STM32CubeIDE_1.17.0/STM32CubeIDE/plugins/com.st.stm32cube.ide.mcu.externaltools.gnu-tools-for-stm32.12.3.rel1.win32_1.1.0.202410251130/tools/bin/../lib/gcc/arm-none-eabi/12.3.1/../../../../arm-none-eabi/lib/thumb/v7e-m+fp/hard\libc_nano.a(libc_a-init.o)
 .ARM.attributes
                0x0000017b       0x22 C:/ST/STM32CubeIDE_1.17.0/STM32CubeIDE/plugins/com.st.stm32cube.ide.mcu.externaltools.gnu-tools-for-stm32.12.3.rel1.win32_1.1.0.202410251130/tools/bin/../lib/gcc/arm-none-eabi/12.3.1/thumb/v7e-m+fp/hard/crtn.o
OUTPUT(init_STM32F407VGT6.elf elf32-littlearm)
LOAD linker stubs
LOAD C:/ST/STM32CubeIDE_1.17.0/STM32CubeIDE/plugins/com.st.stm32cube.ide.mcu.externaltools.gnu-tools-for-stm32.12.3.rel1.win32_1.1.0.202410251130/tools/bin/../lib/gcc/arm-none-eabi/12.3.1/../../../../arm-none-eabi/lib/thumb/v7e-m+fp/hard\libc.a
LOAD C:/ST/STM32CubeIDE_1.17.0/STM32CubeIDE/plugins/com.st.stm32cube.ide.mcu.externaltools.gnu-tools-for-stm32.12.3.rel1.win32_1.1.0.202410251130/tools/bin/../lib/gcc/arm-none-eabi/12.3.1/../../../../arm-none-eabi/lib/thumb/v7e-m+fp/hard\libm.a
LOAD C:/ST/STM32CubeIDE_1.17.0/STM32CubeIDE/plugins/com.st.stm32cube.ide.mcu.externaltools.gnu-tools-for-stm32.12.3.rel1.win32_1.1.0.202410251130/tools/bin/../lib/gcc/arm-none-eabi/12.3.1/thumb/v7e-m+fp/hard\libgcc.a

.debug_info     0x00000000      0x2f6
 .debug_info    0x00000000       0x9f ./src/ap/ap.o
 .debug_info    0x0000009f       0xe4 ./src/bsp/bsp.o
 .debug_info    0x00000183       0x30 ./src/bsp/startup/startup_stm32f407vgtx.o
 .debug_info    0x000001b3       0x99 ./src/hw/hw.o
 .debug_info    0x0000024c       0xaa ./src/main.o

.debug_abbrev   0x00000000      0x1b9
 .debug_abbrev  0x00000000       0x47 ./src/ap/ap.o
 .debug_abbrev  0x00000047       0x9b ./src/bsp/bsp.o
 .debug_abbrev  0x000000e2       0x24 ./src/bsp/startup/startup_stm32f407vgtx.o
 .debug_abbrev  0x00000106       0x58 ./src/hw/hw.o
 .debug_abbrev  0x0000015e       0x5b ./src/main.o

.debug_aranges  0x00000000       0xc0
 .debug_aranges
                0x00000000       0x28 ./src/ap/ap.o
 .debug_aranges
                0x00000028       0x30 ./src/bsp/bsp.o
 .debug_aranges
                0x00000058       0x28 ./src/bsp/startup/startup_stm32f407vgtx.o
 .debug_aranges
                0x00000080       0x20 ./src/hw/hw.o
 .debug_aranges
                0x000000a0       0x20 ./src/main.o

.debug_rnglists
                0x00000000       0x77
 .debug_rnglists
                0x00000000       0x19 ./src/ap/ap.o
 .debug_rnglists
                0x00000019       0x1f ./src/bsp/bsp.o
 .debug_rnglists
                0x00000038       0x19 ./src/bsp/startup/startup_stm32f407vgtx.o
 .debug_rnglists
                0x00000051       0x13 ./src/hw/hw.o
 .debug_rnglists
                0x00000064       0x13 ./src/main.o

.debug_macro    0x00000000     0x1f8f
 .debug_macro   0x00000000      0x175 ./src/ap/ap.o
 .debug_macro   0x00000175      0xaa2 ./src/ap/ap.o
 .debug_macro   0x00000c17       0x22 ./src/ap/ap.o
 .debug_macro   0x00000c39       0x5b ./src/ap/ap.o
 .debug_macro   0x00000c94       0x2a ./src/ap/ap.o
 .debug_macro   0x00000cbe       0x94 ./src/ap/ap.o
 .debug_macro   0x00000d52       0x43 ./src/ap/ap.o
 .debug_macro   0x00000d95       0x34 ./src/ap/ap.o
 .debug_macro   0x00000dc9       0x16 ./src/ap/ap.o
 .debug_macro   0x00000ddf       0x57 ./src/ap/ap.o
 .debug_macro   0x00000e36       0x9e ./src/ap/ap.o
 .debug_macro   0x00000ed4      0x369 ./src/ap/ap.o
 .debug_macro   0x0000123d      0x10b ./src/ap/ap.o
 .debug_macro   0x00001348       0x10 ./src/ap/ap.o
 .debug_macro   0x00001358       0x16 ./src/ap/ap.o
 .debug_macro   0x0000136e       0x43 ./src/ap/ap.o
 .debug_macro   0x000013b1       0x34 ./src/ap/ap.o
 .debug_macro   0x000013e5       0x10 ./src/ap/ap.o
 .debug_macro   0x000013f5       0x58 ./src/ap/ap.o
 .debug_macro   0x0000144d       0x8e ./src/ap/ap.o
 .debug_macro   0x000014db       0x1c ./src/ap/ap.o
 .debug_macro   0x000014f7      0x177 ./src/ap/ap.o
 .debug_macro   0x0000166e       0x16 ./src/ap/ap.o
 .debug_macro   0x00001684       0x16 ./src/ap/ap.o
 .debug_macro   0x0000169a      0x146 ./src/ap/ap.o
 .debug_macro   0x000017e0      0x103 ./src/ap/ap.o
 .debug_macro   0x000018e3       0x6a ./src/ap/ap.o
 .debug_macro   0x0000194d      0x1df ./src/ap/ap.o
 .debug_macro   0x00001b2c       0x22 ./src/ap/ap.o
 .debug_macro   0x00001b4e      0x157 ./src/bsp/bsp.o
 .debug_macro   0x00001ca5      0x16b ./src/hw/hw.o
 .debug_macro   0x00001e10      0x17f ./src/main.o

.debug_line     0x00000000     0x190f
 .debug_line    0x00000000      0x648 ./src/ap/ap.o
 .debug_line    0x00000648      0x5dc ./src/bsp/bsp.o
 .debug_line    0x00000c24       0x7b ./src/bsp/startup/startup_stm32f407vgtx.o
 .debug_line    0x00000c9f      0x5fc ./src/hw/hw.o
 .debug_line    0x0000129b      0x674 ./src/main.o

.debug_str      0x00000000     0x76ab
 .debug_str     0x00000000     0x75fd ./src/ap/ap.o
                               0x77df (size before relaxing)
 .debug_str     0x000075fd       0x31 ./src/bsp/bsp.o
                               0x77da (size before relaxing)
 .debug_str     0x0000762e       0x47 ./src/bsp/startup/startup_stm32f407vgtx.o
                                 0x77 (size before relaxing)
 .debug_str     0x00007675       0x16 ./src/hw/hw.o
                               0x77d6 (size before relaxing)
 .debug_str     0x0000768b       0x20 ./src/main.o
                               0x77f7 (size before relaxing)

.comment        0x00000000       0x43
 .comment       0x00000000       0x43 ./src/ap/ap.o
                                 0x44 (size before relaxing)
 .comment       0x00000043       0x44 ./src/bsp/bsp.o
 .comment       0x00000043       0x44 ./src/hw/hw.o
 .comment       0x00000043       0x44 ./src/main.o

.debug_frame    0x00000000      0x144
 .debug_frame   0x00000000       0x48 ./src/ap/ap.o
 .debug_frame   0x00000048       0x78 ./src/bsp/bsp.o
 .debug_frame   0x000000c0       0x2c ./src/hw/hw.o
 .debug_frame   0x000000ec       0x2c ./src/main.o
 .debug_frame   0x00000118       0x2c C:/ST/STM32CubeIDE_1.17.0/STM32CubeIDE/plugins/com.st.stm32cube.ide.mcu.externaltools.gnu-tools-for-stm32.12.3.rel1.win32_1.1.0.202410251130/tools/bin/../lib/gcc/arm-none-eabi/12.3.1/../../../../arm-none-eabi/lib/thumb/v7e-m+fp/hard\libc_nano.a(libc_a-init.o)

.debug_line_str
                0x00000000       0x5b
 .debug_line_str
                0x00000000       0x5b ./src/bsp/startup/startup_stm32f407vgtx.o
